lib/agents/tools/scraper.ts(68,16): error TS2802: Type 'Set<string>' can only be iterated through when using the '--downlevelIteration' flag or with a '--target' of 'es2015' or higher.
lib/agents/tools/scraper.ts(91,16): error TS2802: Type 'Set<string>' can only be iterated through when using the '--downlevelIteration' flag or with a '--target' of 'es2015' or higher.
lib/agents/tools/scraper.ts(97,16): error TS2802: Type 'Set<string>' can only be iterated through when using the '--downlevelIteration' flag or with a '--target' of 'es2015' or higher.
node_modules/openai/client.d.ts(133,5): error TS18028: Private identifiers are only available when targeting ECMAScript 2015 and higher.
node_modules/openai/core/api-promise.d.ts(9,5): error TS18028: Private identifiers are only available when targeting ECMAScript 2015 and higher.
node_modules/openai/core/pagination.d.ts(7,5): error TS18028: Private identifiers are only available when targeting ECMAScript 2015 and higher.
node_modules/openai/core/streaming.d.ts(9,5): error TS18028: Private identifiers are only available when targeting ECMAScript 2015 and higher.
node_modules/openai/lib/AbstractChatCompletionRunner.d.ts(14,5): error TS18028: Private identifiers are only available when targeting ECMAScript 2015 and higher.
node_modules/openai/lib/AssistantStream.d.ts(36,5): error TS18028: Private identifiers are only available when targeting ECMAScript 2015 and higher.
node_modules/openai/lib/ChatCompletionStream.d.ts(68,5): error TS18028: Private identifiers are only available when targeting ECMAScript 2015 and higher.
node_modules/openai/lib/EventStream.d.ts(3,5): error TS18028: Private identifiers are only available when targeting ECMAScript 2015 and higher.
node_modules/openai/lib/responses/ResponseStream.d.ts(47,5): error TS18028: Private identifiers are only available when targeting ECMAScript 2015 and higher.
node_modules/openai/resources/webhooks.d.ts(4,5): error TS18028: Private identifiers are only available when targeting ECMAScript 2015 and higher.
